192.168.199.151 - - [04/Apr/2021:22:44:38 +0800] "GET /sweetymiao.github.io/css/sweety.css HTTP/1.1" 200 1390 "http://192.168.199.105/sweetymiao.github.io/" "Mozilla/5.0 (Windows NT 6.1; WOW64) AppleWebKit/537.36 (KHTML, like Gecko) Chrome/39.0.2171.95 Safari/537.36 MicroMessenger/6.5.2.501 NetType/WIFI WindowsWechat QBCore/3.43.884.400 QQBrowser/9.0.2524.400"
192.168.199.151 - - [04/Apr/2021:22:44:38 +0800] "GET /sweetymiao.github.io/image/scene08.png HTTP/1.1" 200 223498 "http://192.168.199.105/sweetymiao.github.io/css/sweety.css" "Mozilla/5.0 (Windows NT 6.1; WOW64) AppleWebKit/537.36 (KHTML, like Gecko) Chrome/39.0.2171.95 Safari/537.36 MicroMessenger/6.5.2.501 NetType/WIFI WindowsWechat QBCore/3.43.884.400 QQBrowser/9.0.2524.400"
192.168.199.151 - - [04/Apr/2021:22:44:38 +0800] "GET /sweetymiao.github.io/image/scene07.png HTTP/1.1" 200 267843 "http://192.168.199.105/sweetymiao.github.io/css/sweety.css" "Mozilla/5.0 (Windows NT 6.1; WOW64) AppleWebKit/537.36 (KHTML, like Gecko) Chrome/39.0.2171.95 Safari/537.36 MicroMessenger/6.5.2.501 NetType/WIFI WindowsWechat QBCore/3.43.884.400 QQBrowser/9.0.2524.400"
192.168.199.151 - - [04/Apr/2021:22:44:38 +0800] "GET /sweetymiao.github.io/image/scene06.png HTTP/1.1" 200 191319 "http://192.168.199.105/sweetymiao.github.io/css/sweety.css" "Mozilla/5.0 (Windows NT 6.1; WOW64) AppleWebKit/537.36 (KHTML, like Gecko) Chrome/39.0.2171.95 Safari/537.36 MicroMessenger/6.5.2.501 NetType/WIFI WindowsWechat QBCore/3.43.884.400 QQBrowser/9.0.2524.400"
192.168.199.151 - - [04/Apr/2021:22:44:38 +0800] "GET /sweetymiao.github.io/image/scene09.png HTTP/1.1" 200 698058 "http://192.168.199.105/sweetymiao.github.io/css/sweety.css" "Mozilla/5.0 (Windows NT 6.1; WOW64) AppleWebKit/537.36 (KHTML, like Gecko) Chrome/39.0.2171.95 Safari/537.36 MicroMessenger/6.5.2.501 NetType/WIFI WindowsWechat QBCore/3.43.884.400 QQBrowser/9.0.2524.400"
192.168.199.151 - - [04/Apr/2021:22:44:52 +0800] "GET /sweetymiao.github.io/life.html HTTP/1.1" 200 1843 "http://192.168.199.105/sweetymiao.github.io/" "Mozilla/5.0 (Windows NT 6.1; WOW64) AppleWebKit/537.36 (KHTML, like Gecko) Chrome/39.0.2171.95 Safari/537.36 MicroMessenger/6.5.2.501 NetType/WIFI WindowsWechat QBCore/3.43.884.400 QQBrowser/9.0.2524.400"
192.168.199.151 - - [04/Apr/2021:22:44:52 +0800] "GET /sweetymiao.github.io/css/life.css HTTP/1.1" 200 231 "http://192.168.199.105/sweetymiao.github.io/life.html" "Mozilla/5.0 (Windows NT 6.1; WOW64) AppleWebKit/537.36 (KHTML, like Gecko) Chrome/39.0.2171.95 Safari/537.36 MicroMessenger/6.5.2.501 NetType/WIFI WindowsWechat QBCore/3.43.884.400 QQBrowser/9.0.2524.400"
192.168.199.151 - - [04/Apr/2021:22:44:52 +0800] "GET /sweetymiao.github.io/css/style.css HTTP/1.1" 200 2108 "http://192.168.199.105/sweetymiao.github.io/life.html" "Mozilla/5.0 (Windows NT 6.1; WOW64) AppleWebKit/537.36 (KHTML, like Gecko) Chrome/39.0.2171.95 Safari/537.36 MicroMessenger/6.5.2.501 NetType/WIFI WindowsWechat QBCore/3.43.884.400 QQBrowser/9.0.2524.400"
192.168.199.151 - - [04/Apr/2021:22:44:52 +0800] "GET /sweetymiao.github.io/live2d/L2Dwidget.min.js HTTP/1.1" 200 33357 "http://192.168.199.105/sweetymiao.github.io/life.html" "Mozilla/5.0 (Windows NT 6.1; WOW64) AppleWebKit/537.36 (KHTML, like Gecko) Chrome/39.0.2171.95 Safari/537.36 MicroMessenger/6.5.2.501 NetType/WIFI WindowsWechat QBCore/3.43.884.400 QQBrowser/9.0.2524.400"
192.168.199.151 - - [04/Apr/2021:22:44:52 +0800] "GET /sweetymiao.github.io/image/scene01.jpg HTTP/1.1" 200 646019 "http://192.168.199.105/sweetymiao.github.io/life.html" "Mozilla/5.0 (Windows NT 6.1; WOW64) AppleWebKit/537.36 (KHTML, like Gecko) Chrome/39.0.2171.95 Safari/537.36 MicroMessenger/6.5.2.501 NetType/WIFI WindowsWechat QBCore/3.43.884.400 QQBrowser/9.0.2524.400"
192.168.199.151 - - [04/Apr/2021:22:44:55 +0800] "GET /sweetymiao.github.io/image/scene02.jpeg HTTP/1.1" 200 1833514 "http://192.168.199.105/sweetymiao.github.io/life.html" "Mozilla/5.0 (Windows NT 6.1; WOW64) AppleWebKit/537.36 (KHTML, like Gecko) Chrome/39.0.2171.95 Safari/537.36 MicroMessenger/6.5.2.501 NetType/WIFI WindowsWechat QBCore/3.43.884.400 QQBrowser/9.0.2524.400"
192.168.199.151 - - [04/Apr/2021:22:44:55 +0800] "GET /sweetymiao.github.io/image/scene05.jpeg HTTP/1.1" 200 1242214 "http://192.168.199.105/sweetymiao.github.io/life.html" "Mozilla/5.0 (Windows NT 6.1; WOW64) AppleWebKit/537.36 (KHTML, like Gecko) Chrome/39.0.2171.95 Safari/537.36 MicroMessenger/6.5.2.501 NetType/WIFI WindowsWechat QBCore/3.43.884.400 QQBrowser/9.0.2524.400"
192.168.199.151 - - [04/Apr/2021:22:44:55 +0800] "GET /sweetymiao.github.io/image/scene04.jpeg HTTP/1.1" 200 586674 "http://192.168.199.105/sweetymiao.github.io/life.html" "Mozilla/5.0 (Windows NT 6.1; WOW64) AppleWebKit/537.36 (KHTML, like Gecko) Chrome/39.0.2171.95 Safari/537.36 MicroMessenger/6.5.2.501 NetType/WIFI WindowsWechat QBCore/3.43.884.400 QQBrowser/9.0.2524.400"
192.168.199.151 - - [04/Apr/2021:22:44:55 +0800] "GET /sweetymiao.github.io/image/scene03.jpeg HTTP/1.1" 200 393954 "http://192.168.199.105/sweetymiao.github.io/life.html" "Mozilla/5.0 (Windows NT 6.1; WOW64) AppleWebKit/537.36 (KHTML, like Gecko) Chrome/39.0.2171.95 Safari/537.36 MicroMessenger/6.5.2.501 NetType/WIFI WindowsWechat QBCore/3.43.884.400 QQBrowser/9.0.2524.400"
192.168.199.151 - - [04/Apr/2021:22:44:55 +0800] "GET /sweetymiao.github.io/image/life.png HTTP/1.1" 200 296137 "http://192.168.199.105/sweetymiao.github.io/css/life.css" "Mozilla/5.0 (Windows NT 6.1; WOW64) AppleWebKit/537.36 (KHTML, like Gecko) Chrome/39.0.2171.95 Safari/537.36 MicroMessenger/6.5.2.501 NetType/WIFI WindowsWechat QBCore/3.43.884.400 QQBrowser/9.0.2524.400"
192.168.199.151 - - [04/Apr/2021:22:46:16 +0800] "GET /sweetymiao.github.io/ HTTP/1.1" 200 754 "-" "Mozilla/5.0 (Windows NT 10.0; Win64; x64) AppleWebKit/537.36 (KHTML, like Gecko) Chrome/89.0.4389.82 Safari/537.36"
192.168.199.151 - - [04/Apr/2021:22:46:16 +0800] "GET /sweetymiao.github.io/css/sweety.css HTTP/1.1" 200 1390 "http://192.168.199.105/sweetymiao.github.io/" "Mozilla/5.0 (Windows NT 10.0; Win64; x64) AppleWebKit/537.36 (KHTML, like Gecko) Chrome/89.0.4389.82 Safari/537.36"
192.168.199.151 - - [04/Apr/2021:22:46:16 +0800] "GET /sweetymiao.github.io/image/scene06.png HTTP/1.1" 200 191319 "http://192.168.199.105/sweetymiao.github.io/css/sweety.css" "Mozilla/5.0 (Windows NT 10.0; Win64; x64) AppleWebKit/537.36 (KHTML, like Gecko) Chrome/89.0.4389.82 Safari/537.36"
192.168.199.151 - - [04/Apr/2021:22:46:16 +0800] "GET /sweetymiao.github.io/image/scene07.png HTTP/1.1" 200 267843 "http://192.168.199.105/sweetymiao.github.io/css/sweety.css" "Mozilla/5.0 (Windows NT 10.0; Win64; x64) AppleWebKit/537.36 (KHTML, like Gecko) Chrome/89.0.4389.82 Safari/537.36"
192.168.199.151 - - [04/Apr/2021:22:46:16 +0800] "GET /sweetymiao.github.io/image/scene09.png HTTP/1.1" 200 698058 "http://192.168.199.105/sweetymiao.github.io/css/sweety.css" "Mozilla/5.0 (Windows NT 10.0; Win64; x64) AppleWebKit/537.36 (KHTML, like Gecko) Chrome/89.0.4389.82 Safari/537.36"
192.168.199.151 - - [04/Apr/2021:22:46:16 +0800] "GET /sweetymiao.github.io/image/scene08.png HTTP/1.1" 200 223498 "http://192.168.199.105/sweetymiao.github.io/css/sweety.css" "Mozilla/5.0 (Windows NT 10.0; Win64; x64) AppleWebKit/537.36 (KHTML, like Gecko) Chrome/89.0.4389.82 Safari/537.36"
192.168.199.151 - - [04/Apr/2021:22:46:16 +0800] "GET /favicon.ico HTTP/1.1" 404 571 "http://192.168.199.105/sweetymiao.github.io/" "Mozilla/5.0 (Windows NT 10.0; Win64; x64) AppleWebKit/537.36 (KHTML, like Gecko) Chrome/89.0.4389.82 Safari/537.36"
192.168.199.145 - - [04/Apr/2021:22:46:22 +0800] "GET /sweetymiao.github.io/life.html HTTP/1.1" 200 1843 "http://192.168.199.105/sweetymiao.github.io/" "Mozilla/5.0 (Macintosh; Intel Mac OS X 10_11_6) AppleWebKit/537.36 (KHTML, like Gecko) Chrome/88.0.4324.96 Safari/537.36"
192.168.199.145 - - [04/Apr/2021:22:46:22 +0800] "GET /sweetymiao.github.io/css/life.css HTTP/1.1" 200 231 "http://192.168.199.105/sweetymiao.github.io/life.html" "Mozilla/5.0 (Macintosh; Intel Mac OS X 10_11_6) AppleWebKit/537.36 (KHTML, like Gecko) Chrome/88.0.4324.96 Safari/537.36"
192.168.199.145 - - [04/Apr/2021:22:46:22 +0800] "GET /sweetymiao.github.io/css/style.css HTTP/1.1" 200 2108 "http://192.168.199.105/sweetymiao.github.io/life.html" "Mozilla/5.0 (Macintosh; Intel Mac OS X 10_11_6) AppleWebKit/537.36 (KHTML, like Gecko) Chrome/88.0.4324.96 Safari/537.36"
192.168.199.145 - - [04/Apr/2021:22:46:22 +0800] "GET /sweetymiao.github.io/live2d/L2Dwidget.min.js HTTP/1.1" 200 33357 "http://192.168.199.105/sweetymiao.github.io/life.html" "Mozilla/5.0 (Macintosh; Intel Mac OS X 10_11_6) AppleWebKit/537.36 (KHTML, like Gecko) Chrome/88.0.4324.96 Safari/537.36"
192.168.199.145 - - [04/Apr/2021:22:46:22 +0800] "GET /sweetymiao.github.io/image/photo1.png HTTP/1.1" 200 231535 "http://192.168.199.105/sweetymiao.github.io/life.html" "Mozilla/5.0 (Macintosh; Intel Mac OS X 10_11_6) AppleWebKit/537.36 (KHTML, like Gecko) Chrome/88.0.4324.96 Safari/537.36"
192.168.199.145 - - [04/Apr/2021:22:46:22 +0800] "GET /sweetymiao.github.io/image/scene01.jpg HTTP/1.1" 200 646019 "http://192.168.199.105/sweetymiao.github.io/life.html" "Mozilla/5.0 (Macintosh; Intel Mac OS X 10_11_6) AppleWebKit/537.36 (KHTML, like Gecko) Chrome/88.0.4324.96 Safari/537.36"
192.168.199.151 - - [04/Apr/2021:22:46:23 +0800] "GET /sweetymiao.github.io/tech.html HTTP/1.1" 200 2560 "http://192.168.199.105/sweetymiao.github.io/" "Mozilla/5.0 (Windows NT 10.0; Win64; x64) AppleWebKit/537.36 (KHTML, like Gecko) Chrome/89.0.4389.82 Safari/537.36"
192.168.199.145 - - [04/Apr/2021:22:46:23 +0800] "GET /sweetymiao.github.io/image/scene10.png HTTP/1.1" 200 540695 "http://192.168.199.105/sweetymiao.github.io/life.html" "Mozilla/5.0 (Macintosh; Intel Mac OS X 10_11_6) AppleWebKit/537.36 (KHTML, like Gecko) Chrome/88.0.4324.96 Safari/537.36"
192.168.199.151 - - [04/Apr/2021:22:46:23 +0800] "GET /sweetymiao.github.io/css/tech.css HTTP/1.1" 200 1385 "http://192.168.199.105/sweetymiao.github.io/tech.html" "Mozilla/5.0 (Windows NT 10.0; Win64; x64) AppleWebKit/537.36 (KHTML, like Gecko) Chrome/89.0.4389.82 Safari/537.36"
192.168.199.151 - - [04/Apr/2021:22:46:23 +0800] "GET /sweetymiao.github.io/live2d/L2Dwidget.min.js HTTP/1.1" 200 33357 "http://192.168.199.105/sweetymiao.github.io/tech.html" "Mozilla/5.0 (Windows NT 10.0; Win64; x64) AppleWebKit/537.36 (KHTML, like Gecko) Chrome/89.0.4389.82 Safari/537.36"
192.168.199.145 - - [04/Apr/2021:22:46:23 +0800] "GET /sweetymiao.github.io/image/life.png HTTP/1.1" 200 723549 "http://192.168.199.105/sweetymiao.github.io/css/life.css" "Mozilla/5.0 (Macintosh; Intel Mac OS X 10_11_6) AppleWebKit/537.36 (KHTML, like Gecko) Chrome/88.0.4324.96 Safari/537.36"
192.168.199.151 - - [04/Apr/2021:22:46:23 +0800] "GET /sweetymiao.github.io/live2d/L2Dwidget.0.min.js HTTP/1.1" 200 148954 "http://192.168.199.105/sweetymiao.github.io/tech.html" "Mozilla/5.0 (Windows NT 10.0; Win64; x64) AppleWebKit/537.36 (KHTML, like Gecko) Chrome/89.0.4389.82 Safari/537.36"
192.168.199.145 - - [04/Apr/2021:22:46:23 +0800] "GET /sweetymiao.github.io/image/scene03.jpeg HTTP/1.1" 200 1972415 "http://192.168.199.105/sweetymiao.github.io/life.html" "Mozilla/5.0 (Macintosh; Intel Mac OS X 10_11_6) AppleWebKit/537.36 (KHTML, like Gecko) Chrome/88.0.4324.96 Safari/537.36"
192.168.199.145 - - [04/Apr/2021:22:46:23 +0800] "GET /sweetymiao.github.io/image/photo4.png HTTP/1.1" 200 376830 "http://192.168.199.105/sweetymiao.github.io/life.html" "Mozilla/5.0 (Macintosh; Intel Mac OS X 10_11_6) AppleWebKit/537.36 (KHTML, like Gecko) Chrome/88.0.4324.96 Safari/537.36"
192.168.199.151 - - [04/Apr/2021:22:46:23 +0800] "GET /sweetymiao.github.io/live2d/tororo/assets/tororo.model.json HTTP/1.1" 200 368 "http://192.168.199.105/sweetymiao.github.io/tech.html" "Mozilla/5.0 (Windows NT 10.0; Win64; x64) AppleWebKit/537.36 (KHTML, like Gecko) Chrome/89.0.4389.82 Safari/537.36"
192.168.199.151 - - [04/Apr/2021:22:46:23 +0800] "GET /sweetymiao.github.io/live2d/tororo/assets/moc/tororo.moc HTTP/1.1" 200 188193 "http://192.168.199.105/sweetymiao.github.io/tech.html" "Mozilla/5.0 (Windows NT 10.0; Win64; x64) AppleWebKit/537.36 (KHTML, like Gecko) Chrome/89.0.4389.82 Safari/537.36"
192.168.199.145 - - [04/Apr/2021:22:46:23 +0800] "GET /sweetymiao.github.io/live2d/L2Dwidget.0.min.js HTTP/1.1" 200 148954 "http://192.168.199.105/sweetymiao.github.io/life.html" "Mozilla/5.0 (Macintosh; Intel Mac OS X 10_11_6) AppleWebKit/537.36 (KHTML, like Gecko) Chrome/88.0.4324.96 Safari/537.36"
192.168.199.145 - - [04/Apr/2021:22:46:23 +0800] "GET /sweetymiao.github.io/image/photo2.png HTTP/1.1" 200 346927 "http://192.168.199.105/sweetymiao.github.io/life.html" "Mozilla/5.0 (Macintosh; Intel Mac OS X 10_11_6) AppleWebKit/537.36 (KHTML, like Gecko) Chrome/88.0.4324.96 Safari/537.36"
192.168.199.145 - - [04/Apr/2021:22:46:23 +0800] "GET /sweetymiao.github.io/image/photo3.png HTTP/1.1" 200 603333 "http://192.168.199.105/sweetymiao.github.io/life.html" "Mozilla/5.0 (Macintosh; Intel Mac OS X 10_11_6) AppleWebKit/537.36 (KHTML, like Gecko) Chrome/88.0.4324.96 Safari/537.36"
192.168.199.151 - - [04/Apr/2021:22:46:23 +0800] "GET /sweetymiao.github.io/live2d/tororo/assets/moc/tororo.2048/texture_00.png HTTP/1.1" 200 232446 "http://192.168.199.105/sweetymiao.github.io/tech.html" "Mozilla/5.0 (Windows NT 10.0; Win64; x64) AppleWebKit/537.36 (KHTML, like Gecko) Chrome/89.0.4389.82 Safari/537.36"
192.168.199.145 - - [04/Apr/2021:22:46:23 +0800] "GET /sweetymiao.github.io/live2d/tororo/assets/tororo.model.json HTTP/1.1" 200 368 "http://192.168.199.105/sweetymiao.github.io/life.html" "Mozilla/5.0 (Macintosh; Intel Mac OS X 10_11_6) AppleWebKit/537.36 (KHTML, like Gecko) Chrome/88.0.4324.96 Safari/537.36"
192.168.199.145 - - [04/Apr/2021:22:46:23 +0800] "GET /sweetymiao.github.io/live2d/tororo/assets/moc/tororo.moc HTTP/1.1" 200 188193 "http://192.168.199.105/sweetymiao.github.io/life.html" "Mozilla/5.0 (Macintosh; Intel Mac OS X 10_11_6) AppleWebKit/537.36 (KHTML, like Gecko) Chrome/88.0.4324.96 Safari/537.36"
192.168.199.151 - - [04/Apr/2021:22:46:24 +0800] "GET /sweetymiao.github.io/live2d/tororo/assets/tororo.pose.json HTTP/1.1" 200 178 "http://192.168.199.105/sweetymiao.github.io/tech.html" "Mozilla/5.0 (Windows NT 10.0; Win64; x64) AppleWebKit/537.36 (KHTML, like Gecko) Chrome/89.0.4389.82 Safari/537.36"
192.168.199.151 - - [04/Apr/2021:22:46:24 +0800] "GET /sweetymiao.github.io/live2d/tororo/assets/mtn/00_idle.mtn HTTP/1.1" 200 15145 "http://192.168.199.105/sweetymiao.github.io/tech.html" "Mozilla/5.0 (Windows NT 10.0; Win64; x64) AppleWebKit/537.36 (KHTML, like Gecko) Chrome/89.0.4389.82 Safari/537.36"
192.168.199.145 - - [04/Apr/2021:22:46:24 +0800] "GET /sweetymiao.github.io/live2d/tororo/assets/moc/tororo.2048/texture_00.png HTTP/1.1" 200 232446 "http://192.168.199.105/sweetymiao.github.io/life.html" "Mozilla/5.0 (Macintosh; Intel Mac OS X 10_11_6) AppleWebKit/537.36 (KHTML, like Gecko) Chrome/88.0.4324.96 Safari/537.36"
192.168.199.145 - - [04/Apr/2021:22:46:24 +0800] "GET /sweetymiao.github.io/live2d/tororo/assets/tororo.pose.json HTTP/1.1" 200 178 "http://192.168.199.105/sweetymiao.github.io/life.html" "Mozilla/5.0 (Macintosh; Intel Mac OS X 10_11_6) AppleWebKit/537.36 (KHTML, like Gecko) Chrome/88.0.4324.96 Safari/537.36"
192.168.199.145 - - [04/Apr/2021:22:46:24 +0800] "GET /sweetymiao.github.io/live2d/tororo/assets/mtn/00_idle.mtn HTTP/1.1" 200 15145 "http://192.168.199.105/sweetymiao.github.io/life.html" "Mozilla/5.0 (Macintosh; Intel Mac OS X 10_11_6) AppleWebKit/537.36 (KHTML, like Gecko) Chrome/88.0.4324.96 Safari/537.36"
192.168.199.145 - - [04/Apr/2021:22:46:24 +0800] "GET /sweetymiao.github.io/image/scene05.jpeg HTTP/1.1" 200 7634944 "http://192.168.199.105/sweetymiao.github.io/life.html" "Mozilla/5.0 (Macintosh; Intel Mac OS X 10_11_6) AppleWebKit/537.36 (KHTML, like Gecko) Chrome/88.0.4324.96 Safari/537.36"
192.168.199.145 - - [04/Apr/2021:22:46:24 +0800] "GET /sweetymiao.github.io/image/scene02.jpeg HTTP/1.1" 200 3833856 "http://192.168.199.105/sweetymiao.github.io/life.html" "Mozilla/5.0 (Macintosh; Intel Mac OS X 10_11_6) AppleWebKit/537.36 (KHTML, like Gecko) Chrome/88.0.4324.96 Safari/537.36"
192.168.199.145 - - [04/Apr/2021:22:46:25 +0800] "GET /sweetymiao.github.io/image/scene04.jpeg HTTP/1.1" 200 5898240 "http://192.168.199.105/sweetymiao.github.io/life.html" "Mozilla/5.0 (Macintosh; Intel Mac OS X 10_11_6) AppleWebKit/537.36 (KHTML, like Gecko) Chrome/88.0.4324.96 Safari/537.36"
192.168.199.151 - - [04/Apr/2021:22:46:26 +0800] "GET /sweetymiao.github.io/life.html HTTP/1.1" 200 1843 "http://192.168.199.105/sweetymiao.github.io/" "Mozilla/5.0 (Windows NT 10.0; Win64; x64) AppleWebKit/537.36 (KHTML, like Gecko) Chrome/89.0.4389.82 Safari/537.36"
192.168.199.151 - - [04/Apr/2021:22:46:26 +0800] "GET /sweetymiao.github.io/css/life.css HTTP/1.1" 200 231 "http://192.168.199.105/sweetymiao.github.io/life.html" "Mozilla/5.0 (Windows NT 10.0; Win64; x64) AppleWebKit/537.36 (KHTML, like Gecko) Chrome/89.0.4389.82 Safari/537.36"
192.168.199.151 - - [04/Apr/2021:22:46:26 +0800] "GET /sweetymiao.github.io/css/style.css HTTP/1.1" 200 2108 "http://192.168.199.105/sweetymiao.github.io/life.html" "Mozilla/5.0 (Windows NT 10.0; Win64; x64) AppleWebKit/537.36 (KHTML, like Gecko) Chrome/89.0.4389.82 Safari/537.36"
192.168.199.151 - - [04/Apr/2021:22:46:26 +0800] "GET /sweetymiao.github.io/image/scene01.jpg HTTP/1.1" 200 646019 "http://192.168.199.105/sweetymiao.github.io/life.html" "Mozilla/5.0 (Windows NT 10.0; Win64; x64) AppleWebKit/537.36 (KHTML, like Gecko) Chrome/89.0.4389.82 Safari/537.36"
192.168.199.151 - - [04/Apr/2021:22:46:26 +0800] "GET /sweetymiao.github.io/image/scene03.jpeg HTTP/1.1" 200 1972415 "http://192.168.199.105/sweetymiao.github.io/life.html" "Mozilla/5.0 (Windows NT 10.0; Win64; x64) AppleWebKit/537.36 (KHTML, like Gecko) Chrome/89.0.4389.82 Safari/537.36"
192.168.199.151 - - [04/Apr/2021:22:46:26 +0800] "GET /sweetymiao.github.io/image/life.png HTTP/1.1" 200 723549 "http://192.168.199.105/sweetymiao.github.io/css/life.css" "Mozilla/5.0 (Windows NT 10.0; Win64; x64) AppleWebKit/537.36 (KHTML, like Gecko) Chrome/89.0.4389.82 Safari/537.36"
192.168.199.151 - - [04/Apr/2021:22:46:26 +0800] "GET /sweetymiao.github.io/image/photo2.png HTTP/1.1" 200 346927 "http://192.168.199.105/sweetymiao.github.io/life.html" "Mozilla/5.0 (Windows NT 10.0; Win64; x64) AppleWebKit/537.36 (KHTML, like Gecko) Chrome/89.0.4389.82 Safari/537.36"
192.168.199.151 - - [04/Apr/2021:22:46:26 +0800] "GET /sweetymiao.github.io/image/photo4.png HTTP/1.1" 200 376830 "http://192.168.199.105/sweetymiao.github.io/life.html" "Mozilla/5.0 (Windows NT 10.0; Win64; x64) AppleWebKit/537.36 (KHTML, like Gecko) Chrome/89.0.4389.82 Safari/537.36"
192.168.199.151 - - [04/Apr/2021:22:46:26 +0800] "GET /sweetymiao.github.io/image/photo1.png HTTP/1.1" 200 231535 "http://192.168.199.105/sweetymiao.github.io/life.html" "Mozilla/5.0 (Windows NT 10.0; Win64; x64) AppleWebKit/537.36 (KHTML, like Gecko) Chrome/89.0.4389.82 Safari/537.36"
192.168.199.151 - - [04/Apr/2021:22:46:27 +0800] "GET /sweetymiao.github.io/image/scene10.png HTTP/1.1" 200 540695 "http://192.168.199.105/sweetymiao.github.io/life.html" "Mozilla/5.0 (Windows NT 10.0; Win64; x64) AppleWebKit/537.36 (KHTML, like Gecko) Chrome/89.0.4389.82 Safari/537.36"
192.168.199.151 - - [04/Apr/2021:22:46:27 +0800] "GET /sweetymiao.github.io/image/scene04.jpeg HTTP/1.1" 200 5898240 "http://192.168.199.105/sweetymiao.github.io/life.html" "Mozilla/5.0 (Windows NT 10.0; Win64; x64) AppleWebKit/537.36 (KHTML, like Gecko) Chrome/89.0.4389.82 Safari/537.36"
192.168.199.151 - - [04/Apr/2021:22:46:27 +0800] "GET /sweetymiao.github.io/image/photo3.png HTTP/1.1" 200 603333 "http://192.168.199.105/sweetymiao.github.io/life.html" "Mozilla/5.0 (Windows NT 10.0; Win64; x64) AppleWebKit/537.36 (KHTML, like Gecko) Chrome/89.0.4389.82 Safari/537.36"
192.168.199.151 - - [04/Apr/2021:22:46:27 +0800] "GET /sweetymiao.github.io/image/scene05.jpeg HTTP/1.1" 200 7634944 "http://192.168.199.105/sweetymiao.github.io/life.html" "Mozilla/5.0 (Windows NT 10.0; Win64; x64) AppleWebKit/537.36 (KHTML, like Gecko) Chrome/89.0.4389.82 Safari/537.36"
192.168.199.151 - - [04/Apr/2021:22:46:28 +0800] "GET /sweetymiao.github.io/image/scene02.jpeg HTTP/1.1" 200 3833856 "http://192.168.199.105/sweetymiao.github.io/life.html" "Mozilla/5.0 (Windows NT 10.0; Win64; x64) AppleWebKit/537.36 (KHTML, like Gecko) Chrome/89.0.4389.82 Safari/537.36"
192.168.199.145 - - [04/Apr/2021:22:46:31 +0800] "GET /sweetymiao.github.io/tech.html HTTP/1.1" 200 2560 "http://192.168.199.105/sweetymiao.github.io/" "Mozilla/5.0 (Macintosh; Intel Mac OS X 10_11_6) AppleWebKit/537.36 (KHTML, like Gecko) Chrome/88.0.4324.96 Safari/537.36"
192.168.199.145 - - [04/Apr/2021:22:46:31 +0800] "GET /sweetymiao.github.io/css/tech.css HTTP/1.1" 200 1385 "http://192.168.199.105/sweetymiao.github.io/tech.html" "Mozilla/5.0 (Macintosh; Intel Mac OS X 10_11_6) AppleWebKit/537.36 (KHTML, like Gecko) Chrome/88.0.4324.96 Safari/537.36"
192.168.199.151 - - [04/Apr/2021:22:46:31 +0800] "GET /sweetymiao.github.io/dream.html HTTP/1.1" 200 779 "http://192.168.199.105/sweetymiao.github.io/" "Mozilla/5.0 (Windows NT 10.0; Win64; x64) AppleWebKit/537.36 (KHTML, like Gecko) Chrome/89.0.4389.82 Safari/537.36"
192.168.199.145 - - [04/Apr/2021:22:46:35 +0800] "GET /sweetymiao.github.io/dream.html HTTP/1.1" 200 779 "http://192.168.199.105/sweetymiao.github.io/" "Mozilla/5.0 (Macintosh; Intel Mac OS X 10_11_6) AppleWebKit/537.36 (KHTML, like Gecko) Chrome/88.0.4324.96 Safari/537.36"
192.168.199.145 - - [04/Apr/2021:23:17:03 +0800] "GET /sweetymiao.github.io/life.html HTTP/1.1" 200 1843 "http://192.168.199.105/sweetymiao.github.io/" "Mozilla/5.0 (Macintosh; Intel Mac OS X 10_11_6) AppleWebKit/537.36 (KHTML, like Gecko) Chrome/88.0.4324.96 Safari/537.36"
192.168.199.145 - - [04/Apr/2021:23:17:03 +0800] "GET /sweetymiao.github.io/css/life.css HTTP/1.1" 200 231 "http://192.168.199.105/sweetymiao.github.io/life.html" "Mozilla/5.0 (Macintosh; Intel Mac OS X 10_11_6) AppleWebKit/537.36 (KHTML, like Gecko) Chrome/88.0.4324.96 Safari/537.36"
192.168.199.145 - - [04/Apr/2021:23:17:03 +0800] "GET /sweetymiao.github.io/css/style.css HTTP/1.1" 200 2108 "http://192.168.199.105/sweetymiao.github.io/life.html" "Mozilla/5.0 (Macintosh; Intel Mac OS X 10_11_6) AppleWebKit/537.36 (KHTML, like Gecko) Chrome/88.0.4324.96 Safari/537.36"
192.168.199.145 - - [04/Apr/2021:23:17:03 +0800] "GET /sweetymiao.github.io/live2d/L2Dwidget.min.js HTTP/1.1" 200 33357 "http://192.168.199.105/sweetymiao.github.io/life.html" "Mozilla/5.0 (Macintosh; Intel Mac OS X 10_11_6) AppleWebKit/537.36 (KHTML, like Gecko) Chrome/88.0.4324.96 Safari/537.36"
192.168.199.145 - - [04/Apr/2021:23:17:03 +0800] "GET /sweetymiao.github.io/image/scene01.jpg HTTP/1.1" 200 646019 "http://192.168.199.105/sweetymiao.github.io/life.html" "Mozilla/5.0 (Macintosh; Intel Mac OS X 10_11_6) AppleWebKit/537.36 (KHTML, like Gecko) Chrome/88.0.4324.96 Safari/537.36"
192.168.199.145 - - [04/Apr/2021:23:17:03 +0800] "GET /sweetymiao.github.io/image/scene03.jpeg HTTP/1.1" 200 1972415 "http://192.168.199.105/sweetymiao.github.io/life.html" "Mozilla/5.0 (Macintosh; Intel Mac OS X 10_11_6) AppleWebKit/537.36 (KHTML, like Gecko) Chrome/88.0.4324.96 Safari/537.36"
192.168.199.145 - - [04/Apr/2021:23:17:03 +0800] "GET /sweetymiao.github.io/image/life.png HTTP/1.1" 200 723549 "http://192.168.199.105/sweetymiao.github.io/css/life.css" "Mozilla/5.0 (Macintosh; Intel Mac OS X 10_11_6) AppleWebKit/537.36 (KHTML, like Gecko) Chrome/88.0.4324.96 Safari/537.36"
192.168.199.145 - - [04/Apr/2021:23:17:03 +0800] "GET /sweetymiao.github.io/image/photo2.png HTTP/1.1" 200 346927 "http://192.168.199.105/sweetymiao.github.io/life.html" "Mozilla/5.0 (Macintosh; Intel Mac OS X 10_11_6) AppleWebKit/537.36 (KHTML, like Gecko) Chrome/88.0.4324.96 Safari/537.36"
192.168.199.145 - - [04/Apr/2021:23:17:04 +0800] "GET /sweetymiao.github.io/image/photo4.png HTTP/1.1" 200 376830 "http://192.168.199.105/sweetymiao.github.io/life.html" "Mozilla/5.0 (Macintosh; Intel Mac OS X 10_11_6) AppleWebKit/537.36 (KHTML, like Gecko) Chrome/88.0.4324.96 Safari/537.36"
192.168.199.145 - - [04/Apr/2021:23:17:04 +0800] "GET /sweetymiao.github.io/image/photo1.png HTTP/1.1" 200 231535 "http://192.168.199.105/sweetymiao.github.io/life.html" "Mozilla/5.0 (Macintosh; Intel Mac OS X 10_11_6) AppleWebKit/537.36 (KHTML, like Gecko) Chrome/88.0.4324.96 Safari/537.36"
192.168.199.145 - - [04/Apr/2021:23:17:04 +0800] "GET /sweetymiao.github.io/live2d/L2Dwidget.0.min.js HTTP/1.1" 200 148954 "http://192.168.199.105/sweetymiao.github.io/life.html" "Mozilla/5.0 (Macintosh; Intel Mac OS X 10_11_6) AppleWebKit/537.36 (KHTML, like Gecko) Chrome/88.0.4324.96 Safari/537.36"
192.168.199.145 - - [04/Apr/2021:23:17:04 +0800] "GET /sweetymiao.github.io/image/scene10.png HTTP/1.1" 200 540695 "http://192.168.199.105/sweetymiao.github.io/life.html" "Mozilla/5.0 (Macintosh; Intel Mac OS X 10_11_6) AppleWebKit/537.36 (KHTML, like Gecko) Chrome/88.0.4324.96 Safari/537.36"
192.168.199.145 - - [04/Apr/2021:23:17:04 +0800] "GET /sweetymiao.github.io/image/photo3.png HTTP/1.1" 200 603333 "http://192.168.199.105/sweetymiao.github.io/life.html" "Mozilla/5.0 (Macintosh; Intel Mac OS X 10_11_6) AppleWebKit/537.36 (KHTML, like Gecko) Chrome/88.0.4324.96 Safari/537.36"
192.168.199.145 - - [04/Apr/2021:23:17:04 +0800] "GET /sweetymiao.github.io/image/scene02.jpeg HTTP/1.1" 200 3833856 "http://192.168.199.105/sweetymiao.github.io/life.html" "Mozilla/5.0 (Macintosh; Intel Mac OS X 10_11_6) AppleWebKit/537.36 (KHTML, like Gecko) Chrome/88.0.4324.96 Safari/537.36"
192.168.199.145 - - [04/Apr/2021:23:17:04 +0800] "GET /sweetymiao.github.io/live2d/tororo/assets/moc/tororo.2048/texture_00.png HTTP/1.1" 200 232446 "http://192.168.199.105/sweetymiao.github.io/life.html" "Mozilla/5.0 (Macintosh; Intel Mac OS X 10_11_6) AppleWebKit/537.36 (KHTML, like Gecko) Chrome/88.0.4324.96 Safari/537.36"
192.168.199.145 - - [04/Apr/2021:23:17:05 +0800] "GET /sweetymiao.github.io/image/scene04.jpeg HTTP/1.1" 200 5898240 "http://192.168.199.105/sweetymiao.github.io/life.html" "Mozilla/5.0 (Macintosh; Intel Mac OS X 10_11_6) AppleWebKit/537.36 (KHTML, like Gecko) Chrome/88.0.4324.96 Safari/537.36"
192.168.199.145 - - [04/Apr/2021:23:17:05 +0800] "GET /sweetymiao.github.io/image/scene05.jpeg HTTP/1.1" 200 5172010 "http://192.168.199.105/sweetymiao.github.io/life.html" "Mozilla/5.0 (Macintosh; Intel Mac OS X 10_11_6) AppleWebKit/537.36 (KHTML, like Gecko) Chrome/88.0.4324.96 Safari/537.36"
192.168.199.145 - - [04/Apr/2021:23:17:06 +0800] "GET /sweetymiao.github.io/dream.html HTTP/1.1" 200 779 "http://192.168.199.105/sweetymiao.github.io/" "Mozilla/5.0 (Macintosh; Intel Mac OS X 10_11_6) AppleWebKit/537.36 (KHTML, like Gecko) Chrome/88.0.4324.96 Safari/537.36"
192.168.199.145 - - [05/Apr/2021:01:32:34 +0800] "GET /sweetymiao.github.io/ HTTP/1.1" 304 0 "-" "Mozilla/5.0 (Macintosh; Intel Mac OS X 10_11_6) AppleWebKit/537.36 (KHTML, like Gecko) Chrome/88.0.4324.96 Safari/537.36"
192.168.199.145 - - [05/Apr/2021:01:32:36 +0800] "GET /sweetymiao.github.io/ HTTP/1.1" 304 0 "-" "Mozilla/5.0 (Macintosh; Intel Mac OS X 10_11_6) AppleWebKit/537.36 (KHTML, like Gecko) Chrome/88.0.4324.96 Safari/537.36"
192.168.199.145 - - [05/Apr/2021:01:32:42 +0800] "GET /sweetymiao.github.io/ HTTP/1.1" 304 0 "-" "Mozilla/5.0 (Macintosh; Intel Mac OS X 10_11_6) AppleWebKit/537.36 (KHTML, like Gecko) Chrome/88.0.4324.96 Safari/537.36"
192.168.199.145 - - [05/Apr/2021:01:33:12 +0800] "GET /sweetymiao.github.io/ HTTP/1.1" 304 0 "-" "Mozilla/5.0 (Macintosh; Intel Mac OS X 10_11_6) AppleWebKit/537.36 (KHTML, like Gecko) Chrome/88.0.4324.96 Safari/537.36"
192.168.199.145 - - [05/Apr/2021:01:33:28 +0800] "GET /sweetymiao.github.io/ HTTP/1.1" 304 0 "-" "Mozilla/5.0 (Macintosh; Intel Mac OS X 10_11_6) AppleWebKit/537.36 (KHTML, like Gecko) Chrome/88.0.4324.96 Safari/537.36"
192.168.199.145 - - [05/Apr/2021:01:34:09 +0800] "GET /sweetymiao.github.io/ HTTP/1.1" 304 0 "-" "Mozilla/5.0 (Macintosh; Intel Mac OS X 10_11_6) AppleWebKit/537.36 (KHTML, like Gecko) Chrome/88.0.4324.96 Safari/537.36"
192.168.199.145 - - [05/Apr/2021:01:34:27 +0800] "GET /sweetymiao.github.io/ HTTP/1.1" 304 0 "-" "Mozilla/5.0 (Macintosh; Intel Mac OS X 10_11_6) AppleWebKit/537.36 (KHTML, like Gecko) Chrome/88.0.4324.96 Safari/537.36"
192.168.199.145 - - [05/Apr/2021:01:34:28 +0800] "GET /sweetymiao.github.io/ HTTP/1.1" 304 0 "-" "Mozilla/5.0 (Macintosh; Intel Mac OS X 10_11_6) AppleWebKit/537.36 (KHTML, like Gecko) Chrome/88.0.4324.96 Safari/537.36"
192.168.199.145 - - [05/Apr/2021:01:35:14 +0800] "GET /sweetymiao.github.io/ HTTP/1.1" 304 0 "-" "Mozilla/5.0 (Macintosh; Intel Mac OS X 10_11_6) AppleWebKit/537.36 (KHTML, like Gecko) Chrome/88.0.4324.96 Safari/537.36"
192.168.199.145 - - [05/Apr/2021:01:35:34 +0800] "GET /sweetymiao.github.io/ HTTP/1.1" 304 0 "-" "Mozilla/5.0 (Macintosh; Intel Mac OS X 10_11_6) AppleWebKit/537.36 (KHTML, like Gecko) Chrome/88.0.4324.96 Safari/537.36"
192.168.199.145 - - [05/Apr/2021:01:35:35 +0800] "GET /sweetymiao.github.io/ HTTP/1.1" 304 0 "-" "Mozilla/5.0 (Macintosh; Intel Mac OS X 10_11_6) AppleWebKit/537.36 (KHTML, like Gecko) Chrome/88.0.4324.96 Safari/537.36"
192.168.199.145 - - [05/Apr/2021:01:35:55 +0800] "GET /sweetymiao.github.io/ HTTP/1.1" 304 0 "-" "Mozilla/5.0 (Macintosh; Intel Mac OS X 10_11_6) AppleWebKit/537.36 (KHTML, like Gecko) Chrome/88.0.4324.96 Safari/537.36"
192.168.199.145 - - [05/Apr/2021:01:38:16 +0800] "GET /sweetymiao.github.io/ HTTP/1.1" 200 754 "-" "Mozilla/5.0 (Macintosh; Intel Mac OS X 10_11_6) AppleWebKit/537.36 (KHTML, like Gecko) Chrome/88.0.4324.96 Safari/537.36"
192.168.199.145 - - [05/Apr/2021:01:38:16 +0800] "GET /sweetymiao.github.io/css/sweety.css HTTP/1.1" 200 1386 "http://192.168.199.105/sweetymiao.github.io/" "Mozilla/5.0 (Macintosh; Intel Mac OS X 10_11_6) AppleWebKit/537.36 (KHTML, like Gecko) Chrome/88.0.4324.96 Safari/537.36"
192.168.199.145 - - [05/Apr/2021:01:38:16 +0800] "GET /sweetymiao.github.io/image/scene06.png HTTP/1.1" 200 191319 "http://192.168.199.105/sweetymiao.github.io/css/sweety.css" "Mozilla/5.0 (Macintosh; Intel Mac OS X 10_11_6) AppleWebKit/537.36 (KHTML, like Gecko) Chrome/88.0.4324.96 Safari/537.36"
192.168.199.145 - - [05/Apr/2021:01:38:16 +0800] "GET /sweetymiao.github.io/image/scene08.png HTTP/1.1" 200 223498 "http://192.168.199.105/sweetymiao.github.io/css/sweety.css" "Mozilla/5.0 (Macintosh; Intel Mac OS X 10_11_6) AppleWebKit/537.36 (KHTML, like Gecko) Chrome/88.0.4324.96 Safari/537.36"
192.168.199.145 - - [05/Apr/2021:01:38:16 +0800] "GET /sweetymiao.github.io/image/scene07.png HTTP/1.1" 200 267843 "http://192.168.199.105/sweetymiao.github.io/css/sweety.css" "Mozilla/5.0 (Macintosh; Intel Mac OS X 10_11_6) AppleWebKit/537.36 (KHTML, like Gecko) Chrome/88.0.4324.96 Safari/537.36"
192.168.199.145 - - [05/Apr/2021:01:38:16 +0800] "GET /sweetymiao.github.io/image/kun.png HTTP/1.1" 200 1180815 "http://192.168.199.105/sweetymiao.github.io/css/sweety.css" "Mozilla/5.0 (Macintosh; Intel Mac OS X 10_11_6) AppleWebKit/537.36 (KHTML, like Gecko) Chrome/88.0.4324.96 Safari/537.36"
192.168.199.145 - - [05/Apr/2021:01:38:17 +0800] "GET /sweetymiao.github.io/image/kun.png HTTP/1.1" 200 1180815 "-" "Mozilla/5.0 (Macintosh; Intel Mac OS X 10_11_6) AppleWebKit/537.36 (KHTML, like Gecko) Chrome/88.0.4324.96 Safari/537.36"
192.168.199.145 - - [05/Apr/2021:01:38:53 +0800] "GET /sweetymiao.github.io/ HTTP/1.1" 200 754 "-" "Mozilla/5.0 (Macintosh; Intel Mac OS X 10_11_6) AppleWebKit/537.36 (KHTML, like Gecko) Chrome/88.0.4324.96 Safari/537.36"
192.168.199.145 - - [05/Apr/2021:01:38:54 +0800] "GET /sweetymiao.github.io/css/sweety.css HTTP/1.1" 200 1390 "http://192.168.199.105/sweetymiao.github.io/" "Mozilla/5.0 (Macintosh; Intel Mac OS X 10_11_6) AppleWebKit/537.36 (KHTML, like Gecko) Chrome/88.0.4324.96 Safari/537.36"
192.168.199.145 - - [05/Apr/2021:01:38:55 +0800] "GET /sweetymiao.github.io/ HTTP/1.1" 200 754 "-" "Mozilla/5.0 (Macintosh; Intel Mac OS X 10_11_6) AppleWebKit/537.36 (KHTML, like Gecko) Chrome/88.0.4324.96 Safari/537.36"
192.168.199.145 - - [05/Apr/2021:01:38:55 +0800] "GET /sweetymiao.github.io/css/sweety.css HTTP/1.1" 200 1390 "http://192.168.199.105/sweetymiao.github.io/" "Mozilla/5.0 (Macintosh; Intel Mac OS X 10_11_6) AppleWebKit/537.36 (KHTML, like Gecko) Chrome/88.0.4324.96 Safari/537.36"
192.168.199.145 - - [05/Apr/2021:01:38:55 +0800] "GET /sweetymiao.github.io/image/scene06.png HTTP/1.1" 200 191319 "http://192.168.199.105/sweetymiao.github.io/css/sweety.css" "Mozilla/5.0 (Macintosh; Intel Mac OS X 10_11_6) AppleWebKit/537.36 (KHTML, like Gecko) Chrome/88.0.4324.96 Safari/537.36"
192.168.199.145 - - [05/Apr/2021:01:38:55 +0800] "GET /sweetymiao.github.io/image/scene07.png HTTP/1.1" 200 267843 "http://192.168.199.105/sweetymiao.github.io/css/sweety.css" "Mozilla/5.0 (Macintosh; Intel Mac OS X 10_11_6) AppleWebKit/537.36 (KHTML, like Gecko) Chrome/88.0.4324.96 Safari/537.36"
192.168.199.145 - - [05/Apr/2021:01:38:55 +0800] "GET /sweetymiao.github.io/image/scene08.png HTTP/1.1" 200 223498 "http://192.168.199.105/sweetymiao.github.io/css/sweety.css" "Mozilla/5.0 (Macintosh; Intel Mac OS X 10_11_6) AppleWebKit/537.36 (KHTML, like Gecko) Chrome/88.0.4324.96 Safari/537.36"
192.168.199.145 - - [05/Apr/2021:01:38:55 +0800] "GET /sweetymiao.github.io/image/scene09.png HTTP/1.1" 200 698058 "http://192.168.199.105/sweetymiao.github.io/css/sweety.css" "Mozilla/5.0 (Macintosh; Intel Mac OS X 10_11_6) AppleWebKit/537.36 (KHTML, like Gecko) Chrome/88.0.4324.96 Safari/537.36"
192.168.199.145 - - [05/Apr/2021:01:38:58 +0800] "GET /sweetymiao.github.io/tech.html HTTP/1.1" 200 2560 "http://192.168.199.105/sweetymiao.github.io/" "Mozilla/5.0 (Macintosh; Intel Mac OS X 10_11_6) AppleWebKit/537.36 (KHTML, like Gecko) Chrome/88.0.4324.96 Safari/537.36"
192.168.199.145 - - [05/Apr/2021:01:38:58 +0800] "GET /sweetymiao.github.io/css/tech.css HTTP/1.1" 200 1385 "http://192.168.199.105/sweetymiao.github.io/tech.html" "Mozilla/5.0 (Macintosh; Intel Mac OS X 10_11_6) AppleWebKit/537.36 (KHTML, like Gecko) Chrome/88.0.4324.96 Safari/537.36"
192.168.199.145 - - [05/Apr/2021:01:38:58 +0800] "GET /sweetymiao.github.io/live2d/L2Dwidget.min.js HTTP/1.1" 200 33357 "http://192.168.199.105/sweetymiao.github.io/tech.html" "Mozilla/5.0 (Macintosh; Intel Mac OS X 10_11_6) AppleWebKit/537.36 (KHTML, like Gecko) Chrome/88.0.4324.96 Safari/537.36"
192.168.199.145 - - [05/Apr/2021:01:38:58 +0800] "GET /sweetymiao.github.io/live2d/L2Dwidget.0.min.js HTTP/1.1" 200 148954 "http://192.168.199.105/sweetymiao.github.io/tech.html" "Mozilla/5.0 (Macintosh; Intel Mac OS X 10_11_6) AppleWebKit/537.36 (KHTML, like Gecko) Chrome/88.0.4324.96 Safari/537.36"
192.168.199.145 - - [05/Apr/2021:01:38:58 +0800] "GET /sweetymiao.github.io/image/scene06.png HTTP/1.1" 200 191319 "http://192.168.199.105/sweetymiao.github.io/css/tech.css" "Mozilla/5.0 (Macintosh; Intel Mac OS X 10_11_6) AppleWebKit/537.36 (KHTML, like Gecko) Chrome/88.0.4324.96 Safari/537.36"
192.168.199.145 - - [05/Apr/2021:01:38:58 +0800] "GET /sweetymiao.github.io/live2d/L2Dwidget.min.js.map HTTP/1.1" 404 571 "-" "Mozilla/5.0 (Macintosh; Intel Mac OS X 10_11_6) AppleWebKit/537.36 (KHTML, like Gecko) Chrome/88.0.4324.96 Safari/537.36"
192.168.199.145 - - [05/Apr/2021:01:38:58 +0800] "GET /sweetymiao.github.io/live2d/L2Dwidget.min.js.map HTTP/1.1" 404 571 "-" "Mozilla/5.0 (Macintosh; Intel Mac OS X 10_11_6) AppleWebKit/537.36 (KHTML, like Gecko) Chrome/88.0.4324.96 Safari/537.36"
192.168.199.145 - - [05/Apr/2021:01:38:58 +0800] "GET /sweetymiao.github.io/live2d/L2Dwidget.0.min.js.map HTTP/1.1" 404 571 "-" "Mozilla/5.0 (Macintosh; Intel Mac OS X 10_11_6) AppleWebKit/537.36 (KHTML, like Gecko) Chrome/88.0.4324.96 Safari/537.36"
192.168.199.145 - - [05/Apr/2021:01:38:58 +0800] "GET /sweetymiao.github.io/live2d/tororo/assets/tororo.model.json HTTP/1.1" 200 368 "http://192.168.199.105/sweetymiao.github.io/tech.html" "Mozilla/5.0 (Macintosh; Intel Mac OS X 10_11_6) AppleWebKit/537.36 (KHTML, like Gecko) Chrome/88.0.4324.96 Safari/537.36"
192.168.199.145 - - [05/Apr/2021:01:38:58 +0800] "GET /sweetymiao.github.io/live2d/tororo/assets/tororo.model.json HTTP/1.1" 200 368 "http://192.168.199.105/sweetymiao.github.io/tech.html" "Mozilla/5.0 (Macintosh; Intel Mac OS X 10_11_6) AppleWebKit/537.36 (KHTML, like Gecko) Chrome/88.0.4324.96 Safari/537.36"
192.168.199.145 - - [05/Apr/2021:01:38:58 +0800] "GET /sweetymiao.github.io/live2d/tororo/assets/moc/tororo.moc HTTP/1.1" 200 188193 "http://192.168.199.105/sweetymiao.github.io/tech.html" "Mozilla/5.0 (Macintosh; Intel Mac OS X 10_11_6) AppleWebKit/537.36 (KHTML, like Gecko) Chrome/88.0.4324.96 Safari/537.36"
192.168.199.145 - - [05/Apr/2021:01:38:58 +0800] "GET /sweetymiao.github.io/live2d/tororo/assets/moc/tororo.moc HTTP/1.1" 200 188193 "http://192.168.199.105/sweetymiao.github.io/tech.html" "Mozilla/5.0 (Macintosh; Intel Mac OS X 10_11_6) AppleWebKit/537.36 (KHTML, like Gecko) Chrome/88.0.4324.96 Safari/537.36"
192.168.199.145 - - [05/Apr/2021:01:38:58 +0800] "GET /sweetymiao.github.io/live2d/tororo/assets/moc/tororo.2048/texture_00.png HTTP/1.1" 200 232446 "http://192.168.199.105/sweetymiao.github.io/tech.html" "Mozilla/5.0 (Macintosh; Intel Mac OS X 10_11_6) AppleWebKit/537.36 (KHTML, like Gecko) Chrome/88.0.4324.96 Safari/537.36"
192.168.199.145 - - [05/Apr/2021:01:38:58 +0800] "GET /sweetymiao.github.io/live2d/L2Dwidget.0.min.js.map HTTP/1.1" 404 571 "-" "Mozilla/5.0 (Macintosh; Intel Mac OS X 10_11_6) AppleWebKit/537.36 (KHTML, like Gecko) Chrome/88.0.4324.96 Safari/537.36"
192.168.199.145 - - [05/Apr/2021:01:38:58 +0800] "GET /sweetymiao.github.io/live2d/tororo/assets/tororo.pose.json HTTP/1.1" 200 178 "http://192.168.199.105/sweetymiao.github.io/tech.html" "Mozilla/5.0 (Macintosh; Intel Mac OS X 10_11_6) AppleWebKit/537.36 (KHTML, like Gecko) Chrome/88.0.4324.96 Safari/537.36"
192.168.199.145 - - [05/Apr/2021:01:38:58 +0800] "GET /sweetymiao.github.io/live2d/tororo/assets/mtn/00_idle.mtn HTTP/1.1" 200 15145 "http://192.168.199.105/sweetymiao.github.io/tech.html" "Mozilla/5.0 (Macintosh; Intel Mac OS X 10_11_6) AppleWebKit/537.36 (KHTML, like Gecko) Chrome/88.0.4324.96 Safari/537.36"
192.168.199.145 - - [05/Apr/2021:01:38:58 +0800] "GET /sweetymiao.github.io/live2d/tororo/assets/mtn/00_idle.mtn HTTP/1.1" 200 15145 "http://192.168.199.105/sweetymiao.github.io/tech.html" "Mozilla/5.0 (Macintosh; Intel Mac OS X 10_11_6) AppleWebKit/537.36 (KHTML, like Gecko) Chrome/88.0.4324.96 Safari/537.36"
192.168.199.145 - - [05/Apr/2021:01:38:58 +0800] "GET /sweetymiao.github.io/live2d/tororo/assets/tororo.pose.json HTTP/1.1" 200 178 "http://192.168.199.105/sweetymiao.github.io/tech.html" "Mozilla/5.0 (Macintosh; Intel Mac OS X 10_11_6) AppleWebKit/537.36 (KHTML, like Gecko) Chrome/88.0.4324.96 Safari/537.36"
192.168.199.145 - - [05/Apr/2021:01:38:58 +0800] "GET /sweetymiao.github.io/live2d/tororo/assets/mtn/00_idle.mtn HTTP/1.1" 200 15145 "http://192.168.199.105/sweetymiao.github.io/tech.html" "Mozilla/5.0 (Macintosh; Intel Mac OS X 10_11_6) AppleWebKit/537.36 (KHTML, like Gecko) Chrome/88.0.4324.96 Safari/537.36"
192.168.199.145 - - [05/Apr/2021:01:38:59 +0800] "GET /sweetymiao.github.io/live2d/tororo/assets/mtn/00_idle.mtn HTTP/1.1" 200 15145 "http://192.168.199.105/sweetymiao.github.io/tech.html" "Mozilla/5.0 (Macintosh; Intel Mac OS X 10_11_6) AppleWebKit/537.36 (KHTML, like Gecko) Chrome/88.0.4324.96 Safari/537.36"
192.168.199.145 - - [05/Apr/2021:01:39:08 +0800] "GET /sweetymiao.github.io/live2d/tororo/assets/mtn/00_idle.mtn HTTP/1.1" 200 15145 "http://192.168.199.105/sweetymiao.github.io/tech.html" "Mozilla/5.0 (Macintosh; Intel Mac OS X 10_11_6) AppleWebKit/537.36 (KHTML, like Gecko) Chrome/88.0.4324.96 Safari/537.36"
192.168.199.145 - - [05/Apr/2021:01:39:08 +0800] "GET /sweetymiao.github.io/live2d/tororo/assets/mtn/00_idle.mtn HTTP/1.1" 200 15145 "http://192.168.199.105/sweetymiao.github.io/tech.html" "Mozilla/5.0 (Macintosh; Intel Mac OS X 10_11_6) AppleWebKit/537.36 (KHTML, like Gecko) Chrome/88.0.4324.96 Safari/537.36"
192.168.199.145 - - [05/Apr/2021:01:39:19 +0800] "GET /sweetymiao.github.io/live2d/tororo/assets/mtn/00_idle.mtn HTTP/1.1" 200 15145 "http://192.168.199.105/sweetymiao.github.io/tech.html" "Mozilla/5.0 (Macintosh; Intel Mac OS X 10_11_6) AppleWebKit/537.36 (KHTML, like Gecko) Chrome/88.0.4324.96 Safari/537.36"
192.168.199.145 - - [05/Apr/2021:01:39:19 +0800] "GET /sweetymiao.github.io/live2d/tororo/assets/mtn/00_idle.mtn HTTP/1.1" 200 15145 "http://192.168.199.105/sweetymiao.github.io/tech.html" "Mozilla/5.0 (Macintosh; Intel Mac OS X 10_11_6) AppleWebKit/537.36 (KHTML, like Gecko) Chrome/88.0.4324.96 Safari/537.36"
192.168.199.145 - - [05/Apr/2021:01:39:26 +0800] "GET /sweetymiao.github.io/tech.html HTTP/1.1" 200 2560 "http://192.168.199.105/sweetymiao.github.io/" "Mozilla/5.0 (Macintosh; Intel Mac OS X 10_11_6) AppleWebKit/537.36 (KHTML, like Gecko) Chrome/88.0.4324.96 Safari/537.36"
192.168.199.145 - - [05/Apr/2021:01:39:27 +0800] "GET /sweetymiao.github.io/css/tech.css HTTP/1.1" 200 1381 "http://192.168.199.105/sweetymiao.github.io/tech.html" "Mozilla/5.0 (Macintosh; Intel Mac OS X 10_11_6) AppleWebKit/537.36 (KHTML, like Gecko) Chrome/88.0.4324.96 Safari/537.36"
192.168.199.145 - - [05/Apr/2021:01:39:27 +0800] "GET /sweetymiao.github.io/live2d/L2Dwidget.min.js HTTP/1.1" 200 33357 "http://192.168.199.105/sweetymiao.github.io/tech.html" "Mozilla/5.0 (Macintosh; Intel Mac OS X 10_11_6) AppleWebKit/537.36 (KHTML, like Gecko) Chrome/88.0.4324.96 Safari/537.36"
192.168.199.145 - - [05/Apr/2021:01:39:27 +0800] "GET /sweetymiao.github.io/live2d/L2Dwidget.0.min.js HTTP/1.1" 200 148954 "http://192.168.199.105/sweetymiao.github.io/tech.html" "Mozilla/5.0 (Macintosh; Intel Mac OS X 10_11_6) AppleWebKit/537.36 (KHTML, like Gecko) Chrome/88.0.4324.96 Safari/537.36"
192.168.199.145 - - [05/Apr/2021:01:39:27 +0800] "GET /sweetymiao.github.io/live2d/L2Dwidget.min.js.map HTTP/1.1" 404 571 "-" "Mozilla/5.0 (Macintosh; Intel Mac OS X 10_11_6) AppleWebKit/537.36 (KHTML, like Gecko) Chrome/88.0.4324.96 Safari/537.36"
192.168.199.145 - - [05/Apr/2021:01:39:27 +0800] "GET /sweetymiao.github.io/live2d/L2Dwidget.min.js.map HTTP/1.1" 404 571 "-" "Mozilla/5.0 (Macintosh; Intel Mac OS X 10_11_6) AppleWebKit/537.36 (KHTML, like Gecko) Chrome/88.0.4324.96 Safari/537.36"
192.168.199.145 - - [05/Apr/2021:01:39:27 +0800] "GET /sweetymiao.github.io/image/scene06.png HTTP/1.1" 200 191319 "http://192.168.199.105/sweetymiao.github.io/css/tech.css" "Mozilla/5.0 (Macintosh; Intel Mac OS X 10_11_6) AppleWebKit/537.36 (KHTML, like Gecko) Chrome/88.0.4324.96 Safari/537.36"
192.168.199.145 - - [05/Apr/2021:01:39:28 +0800] "GET /sweetymiao.github.io/live2d/L2Dwidget.0.min.js.map HTTP/1.1" 404 571 "-" "Mozilla/5.0 (Macintosh; Intel Mac OS X 10_11_6) AppleWebKit/537.36 (KHTML, like Gecko) Chrome/88.0.4324.96 Safari/537.36"
192.168.199.145 - - [05/Apr/2021:01:39:28 +0800] "GET /sweetymiao.github.io/live2d/L2Dwidget.0.min.js.map HTTP/1.1" 404 571 "-" "Mozilla/5.0 (Macintosh; Intel Mac OS X 10_11_6) AppleWebKit/537.36 (KHTML, like Gecko) Chrome/88.0.4324.96 Safari/537.36"
192.168.199.145 - - [05/Apr/2021:01:39:28 +0800] "GET /sweetymiao.github.io/live2d/tororo/assets/tororo.model.json HTTP/1.1" 200 368 "http://192.168.199.105/sweetymiao.github.io/tech.html" "Mozilla/5.0 (Macintosh; Intel Mac OS X 10_11_6) AppleWebKit/537.36 (KHTML, like Gecko) Chrome/88.0.4324.96 Safari/537.36"
192.168.199.145 - - [05/Apr/2021:01:39:28 +0800] "GET /sweetymiao.github.io/live2d/tororo/assets/tororo.model.json HTTP/1.1" 200 368 "http://192.168.199.105/sweetymiao.github.io/tech.html" "Mozilla/5.0 (Macintosh; Intel Mac OS X 10_11_6) AppleWebKit/537.36 (KHTML, like Gecko) Chrome/88.0.4324.96 Safari/537.36"
192.168.199.145 - - [05/Apr/2021:01:39:28 +0800] "GET /sweetymiao.github.io/live2d/tororo/assets/moc/tororo.moc HTTP/1.1" 200 188193 "http://192.168.199.105/sweetymiao.github.io/tech.html" "Mozilla/5.0 (Macintosh; Intel Mac OS X 10_11_6) AppleWebKit/537.36 (KHTML, like Gecko) Chrome/88.0.4324.96 Safari/537.36"
192.168.199.145 - - [05/Apr/2021:01:39:28 +0800] "GET /sweetymiao.github.io/live2d/tororo/assets/moc/tororo.moc HTTP/1.1" 200 188193 "http://192.168.199.105/sweetymiao.github.io/tech.html" "Mozilla/5.0 (Macintosh; Intel Mac OS X 10_11_6) AppleWebKit/537.36 (KHTML, like Gecko) Chrome/88.0.4324.96 Safari/537.36"
192.168.199.145 - - [05/Apr/2021:01:39:28 +0800] "GET /sweetymiao.github.io/image/kun.png HTTP/1.1" 200 1180815 "http://192.168.199.105/sweetymiao.github.io/css/tech.css" "Mozilla/5.0 (Macintosh; Intel Mac OS X 10_11_6) AppleWebKit/537.36 (KHTML, like Gecko) Chrome/88.0.4324.96 Safari/537.36"
192.168.199.145 - - [05/Apr/2021:01:39:28 +0800] "GET /sweetymiao.github.io/live2d/tororo/assets/moc/tororo.2048/texture_00.png HTTP/1.1" 200 232446 "http://192.168.199.105/sweetymiao.github.io/tech.html" "Mozilla/5.0 (Macintosh; Intel Mac OS X 10_11_6) AppleWebKit/537.36 (KHTML, like Gecko) Chrome/88.0.4324.96 Safari/537.36"
192.168.199.145 - - [05/Apr/2021:01:39:29 +0800] "GET /sweetymiao.github.io/live2d/tororo/assets/tororo.pose.json HTTP/1.1" 200 178 "http://192.168.199.105/sweetymiao.github.io/tech.html" "Mozilla/5.0 (Macintosh; Intel Mac OS X 10_11_6) AppleWebKit/537.36 (KHTML, like Gecko) Chrome/88.0.4324.96 Safari/537.36"
192.168.199.145 - - [05/Apr/2021:01:39:29 +0800] "GET /sweetymiao.github.io/live2d/tororo/assets/mtn/00_idle.mtn HTTP/1.1" 200 15145 "http://192.168.199.105/sweetymiao.github.io/tech.html" "Mozilla/5.0 (Macintosh; Intel Mac OS X 10_11_6) AppleWebKit/537.36 (KHTML, like Gecko) Chrome/88.0.4324.96 Safari/537.36"
192.168.199.145 - - [05/Apr/2021:01:39:29 +0800] "GET /sweetymiao.github.io/live2d/tororo/assets/mtn/00_idle.mtn HTTP/1.1" 200 15145 "http://192.168.199.105/sweetymiao.github.io/tech.html" "Mozilla/5.0 (Macintosh; Intel Mac OS X 10_11_6) AppleWebKit/537.36 (KHTML, like Gecko) Chrome/88.0.4324.96 Safari/537.36"
192.168.199.145 - - [05/Apr/2021:01:39:29 +0800] "GET /sweetymiao.github.io/live2d/tororo/assets/tororo.pose.json HTTP/1.1" 200 178 "http://192.168.199.105/sweetymiao.github.io/tech.html" "Mozilla/5.0 (Macintosh; Intel Mac OS X 10_11_6) AppleWebKit/537.36 (KHTML, like Gecko) Chrome/88.0.4324.96 Safari/537.36"
192.168.199.145 - - [05/Apr/2021:01:39:29 +0800] "GET /sweetymiao.github.io/live2d/tororo/assets/mtn/00_idle.mtn HTTP/1.1" 200 15145 "http://192.168.199.105/sweetymiao.github.io/tech.html" "Mozilla/5.0 (Macintosh; Intel Mac OS X 10_11_6) AppleWebKit/537.36 (KHTML, like Gecko) Chrome/88.0.4324.96 Safari/537.36"
192.168.199.145 - - [05/Apr/2021:01:39:29 +0800] "GET /sweetymiao.github.io/live2d/tororo/assets/mtn/00_idle.mtn HTTP/1.1" 200 15145 "http://192.168.199.105/sweetymiao.github.io/tech.html" "Mozilla/5.0 (Macintosh; Intel Mac OS X 10_11_6) AppleWebKit/537.36 (KHTML, like Gecko) Chrome/88.0.4324.96 Safari/537.36"
192.168.199.145 - - [05/Apr/2021:01:39:39 +0800] "GET /sweetymiao.github.io/live2d/tororo/assets/mtn/00_idle.mtn HTTP/1.1" 200 15145 "http://192.168.199.105/sweetymiao.github.io/tech.html" "Mozilla/5.0 (Macintosh; Intel Mac OS X 10_11_6) AppleWebKit/537.36 (KHTML, like Gecko) Chrome/88.0.4324.96 Safari/537.36"
192.168.199.145 - - [05/Apr/2021:01:39:39 +0800] "GET /sweetymiao.github.io/live2d/tororo/assets/mtn/00_idle.mtn HTTP/1.1" 200 15145 "http://192.168.199.105/sweetymiao.github.io/tech.html" "Mozilla/5.0 (Macintosh; Intel Mac OS X 10_11_6) AppleWebKit/537.36 (KHTML, like Gecko) Chrome/88.0.4324.96 Safari/537.36"
192.168.199.151 - - [05/Apr/2021:01:39:45 +0800] "GET /sweetymiao.github.io/ HTTP/1.1" 304 0 "-" "Mozilla/5.0 (Windows NT 10.0; Win64; x64) AppleWebKit/537.36 (KHTML, like Gecko) Chrome/89.0.4389.82 Safari/537.36"
192.168.199.145 - - [05/Apr/2021:01:39:49 +0800] "GET /sweetymiao.github.io/live2d/tororo/assets/mtn/00_idle.mtn HTTP/1.1" 200 15145 "http://192.168.199.105/sweetymiao.github.io/tech.html" "Mozilla/5.0 (Macintosh; Intel Mac OS X 10_11_6) AppleWebKit/537.36 (KHTML, like Gecko) Chrome/88.0.4324.96 Safari/537.36"
192.168.199.145 - - [05/Apr/2021:01:39:49 +0800] "GET /sweetymiao.github.io/live2d/tororo/assets/mtn/00_idle.mtn HTTP/1.1" 200 15145 "http://192.168.199.105/sweetymiao.github.io/tech.html" "Mozilla/5.0 (Macintosh; Intel Mac OS X 10_11_6) AppleWebKit/537.36 (KHTML, like Gecko) Chrome/88.0.4324.96 Safari/537.36"
192.168.199.151 - - [05/Apr/2021:01:39:50 +0800] "GET /sweetymiao.github.io/tech.html HTTP/1.1" 304 0 "http://192.168.199.105/sweetymiao.github.io/" "Mozilla/5.0 (Windows NT 10.0; Win64; x64) AppleWebKit/537.36 (KHTML, like Gecko) Chrome/89.0.4389.82 Safari/537.36"
192.168.199.151 - - [05/Apr/2021:01:39:51 +0800] "GET /sweetymiao.github.io/tech.html HTTP/1.1" 304 0 "http://192.168.199.105/sweetymiao.github.io/" "Mozilla/5.0 (Windows NT 10.0; Win64; x64) AppleWebKit/537.36 (KHTML, like Gecko) Chrome/89.0.4389.82 Safari/537.36"
192.168.199.151 - - [05/Apr/2021:01:39:54 +0800] "GET /sweetymiao.github.io/tech.html HTTP/1.1" 304 0 "http://192.168.199.105/sweetymiao.github.io/" "Mozilla/5.0 (Windows NT 10.0; Win64; x64) AppleWebKit/537.36 (KHTML, like Gecko) Chrome/89.0.4389.82 Safari/537.36"
192.168.199.151 - - [05/Apr/2021:01:39:55 +0800] "GET /sweetymiao.github.io/tech.html HTTP/1.1" 304 0 "http://192.168.199.105/sweetymiao.github.io/" "Mozilla/5.0 (Windows NT 10.0; Win64; x64) AppleWebKit/537.36 (KHTML, like Gecko) Chrome/89.0.4389.82 Safari/537.36"
192.168.199.145 - - [05/Apr/2021:01:39:58 +0800] "GET /sweetymiao.github.io/live2d/tororo/assets/mtn/00_idle.mtn HTTP/1.1" 200 15145 "http://192.168.199.105/sweetymiao.github.io/tech.html" "Mozilla/5.0 (Macintosh; Intel Mac OS X 10_11_6) AppleWebKit/537.36 (KHTML, like Gecko) Chrome/88.0.4324.96 Safari/537.36"
